=== P2: Schloegl, EXACT. Roots on the affinity level set, saddle pinned at r2 = 1
    affinity held at ln(e1 e2 / e3) = 3.543245 for every row
      r1        r3    affinity           A   quad err    Delta
    0.08    1.3480    3.543245    0.002240    2.5e-17   0.6340
     0.1    1.9000    3.543245    0.026047    2.9e-16   0.9000
    0.15    3.1827    3.543245    0.190241    6.2e-14   1.5164
     0.2    4.3505    3.543245    0.439982    5.4e-11   2.0753
     0.3    6.4021    3.543245    1.015028    3.7e-13   3.0511
     0.4    8.1449    3.543245    1.574874    2.0e-11   3.8724
     0.5    9.6411    3.543245    2.073935    2.4e-10   4.5706
  affinity varies by 4.88e-14 nats across the family (held fixed by construction)
  A spans 0.002240 .. 2.073935  -- a factor of 926
  -> P2 HOLDS: A is NOT priced by the affinity

=== P1/P3: AM, 2-D. Reverse ratios on the level set g1 g2^2 = const
    affinity held at -ln(g1 g2^2) = 3.149466 for every row
      g1     g2   affinity         A   Delta*  local A series
  0.6860   0.25   3.149466  EXCLUDED           0.1072, 0.1073, 0.0999
  0.4764   0.30   3.149466   0.08808   0.6684  0.0880, 0.0881, 0.0881
  0.3500   0.35   3.149466   0.07158   0.6356  0.0715, 0.0715, 0.0716
  0.2680   0.40   3.149466   0.05732   0.6036  0.0572, 0.0573, 0.0573
  0.2117   0.45   3.149466   0.04504   0.5721  0.0448, 0.0450, 0.0450
  0.1715   0.50   3.149466   0.03445   0.5404  0.0343, 0.0344, 0.0345
  0.1417   0.55   3.149466   0.02538   0.5075  0.0253, 0.0253, 0.0254
  0.1191   0.60   3.149466   0.01770   0.4724  0.0181, 0.0177, 0.0177
  cells excluded on P1 (non-convergent or negative mean time): 1
  affinity varies by 4.44e-16 nats across the family
  A spans 0.01770 .. 0.08808  -- a factor of 5.0
  -> P3 HOLDS on a second substrate too

=== P4: the opposite sweep -- same A, DIFFERENT affinity?
    target A = 0.026047 (the reference element 0.1/1.0/1.9)
      r1        r3           A    affinity
    0.05    1.8741    0.026047    4.142593
    0.08    1.8896    0.026047    3.729558
     0.1    1.9000    0.026047    3.543245
    0.12    1.9105    0.026047    3.396893
    0.15    1.9265    0.026047    3.226188
  A is equal to 0.0000% across these; affinity spans 0.9164 nats
  -> P4 HOLDS: the dissociation runs BOTH ways -- A does not bound the drive either

=== P5 (SUSPECT, rule 17): does the landscape headline number Delta determine A?
    NOTE: this swept r1 over 0.05..0.35 first -- a 1.4x move in the saddle's
    relative position -- and printed 'Delta alone reproduces A' off a 3% span.
    Widened to the full admissible range 0.02 < r1 < 0.97 below (§82.1).
   Delta     r1       r3  saddle frac           A   affinity
     0.9   0.02   1.8200       0.5444    0.023240    4.98635
     0.9   0.05   1.8500       0.5278    0.024311    4.13465
     0.9    0.1   1.9000       0.5000    0.026047    3.54325
     0.9    0.2   2.0000       0.4444    0.029305    3.03495
     0.9   0.35   2.1500       0.3611    0.033545    2.71654
     0.9    0.5   2.3000       0.2778    0.036885    2.56895
     0.9    0.7   2.5000       0.1667    0.039773    2.47486
     0.9    0.9   2.7000       0.0556    0.040756    2.43491
     0.9   0.97   2.7700       0.0167    0.040636    2.42814
    -> at Delta = 0.9: saddle position moved 32.7x, A spans 1.754x, affinity spans 2.558 nats
  1.5164   0.02   3.0528       0.3231    0.192439    5.34256
  1.5164   0.05   3.0828       0.3132    0.191977    4.47881
  1.5164    0.1   3.1328       0.2968    0.191152    3.86936
  1.5164    0.2   3.2328       0.2638    0.189275    3.33106
  1.5164   0.35   3.3828       0.2143    0.185812    2.97829
  1.5164    0.5   3.5328       0.1649    0.181488    2.80475
  1.5164    0.7   3.7328       0.0989    0.174290    2.68440
  1.5164    0.9   3.9328       0.0330    0.165404    2.62444
  1.5164   0.97   4.0028       0.0099    0.161893    2.61172
    -> at Delta = 1.5164: saddle position moved 32.7x, A spans 1.189x, affinity spans 2.731 nats
     3.0   0.02   6.0200       0.1633    1.093321    5.88669
     3.0   0.05   6.0500       0.1583    1.080038    5.01246
     3.0    0.1   6.1000       0.1500    1.058576    4.38677
     3.0    0.2   6.2000       0.1333    1.017914    3.81977
     3.0   0.35   6.3500       0.1083    0.961620    3.43116
     3.0    0.5   6.5000       0.0833    0.909781    3.22806
     3.0    0.7   6.7000       0.0500    0.845912    3.07518
     3.0    0.9   6.9000       0.0167    0.786535    2.98836
     3.0   0.97   6.9700       0.0050    0.766585    2.96729
    -> at Delta = 3.0: saddle position moved 32.7x, A spans 1.426x, affinity spans 2.919 nats
  worst A span at IDENTICAL Delta: 1.754x   (against 926x at identical AFFINITY)
  -> P5 as predicted: Delta does NOT determine A either -- but it MISSES by a
     factor of 1.75 where the affinity misses by 926. The suspect
     remains 'A is a functional of the whole field'; it is not yet confirmed.

wrote results/action_is_not_priced.json
