=== P1 GATE: does the decomposition reproduce P exactly?
  worst relative error over AM/am_cubic + 120 random networks: 1.916e-14   -> P1 HOLDS

=== P2/P3: do the unanimous classes behave as the algebra demands?
     class  networks   P>0 somewhere  violations
    all<=0       211               0           0
    all>=0         7               7           0
     mixed        63              27           0
   trivial        19               0           0
  -> P2 HOLDS: all<=0 never amplifies
  -> P3 HOLDS: all>=0 never contracts

=== P4 CROSS-CHECK: do only MIXED topologies flip under rate changes?
     class  networks   flipped
    all<=0       240         0
    all>=0         4         0
     mixed        37        24
   trivial        19         0
  unanimous topologies that flipped: 0  -> P4 HOLDS -- only mixed topologies flip
  mixed topologies that flipped: 24/37 = 65%

=== P5: decomposing §53's 10.5%
  amplifying overall: 34/300 = 11.3%   (§53 measured 10.5% on a different draw)
     all>=0: 7/7 = 100% amplify, contributing 2.3 points
      mixed: 27/63 = 43% amplify, contributing 9.0 points

wrote results/amplification_signature.json
