=== P1a GATE: is Sigma invariant under a uniform rate rescale?
   lambda         Sigma     rel dev
      0.1    311.092663    4.57e-15
      1.0    311.092663    0.00e+00
      7.0    311.092663    1.46e-15
    100.0    311.092663    4.02e-15
  -> P1a HOLDS  (worst 4.57e-15)

=== P1b GATE: gamma-sweep at rho = 1 must reproduce gamma* ~ 0.20-0.24
  gamma    G(Om=200)    G(Om=300)    delta*
   0.08       2.3817       2.4350    0.9249
   0.12       2.1008       2.1280    0.8893
   0.16       1.9626       1.9021    0.8536
   0.20       1.8973       1.8526    0.8165
   0.24       1.8940       1.8033    0.7766
   0.28       1.9754       1.9200    0.7321
   0.32       2.1116       2.1374    0.6807
   0.36       2.6012       2.4970    0.6189
   0.40       3.5659       3.4374    0.5408
  Omega=200: gamma* = 0.2216
  Omega=300: gamma* = 0.2319
  §38 CME 0.20, §39 closed form 0.240  -> P1b HOLDS

=== P3/P5/P9/P10: sweep rho at FIXED gamma -- is k_dis = k_rec optimal?

  gamma = 0.16   (rho_c = 0.1627)
     rho   G(Om=200)   G(Om=300)  L(Om=200)  time(200)   delta*
    0.35      4.1354      3.9488       7.67     17.684   0.8490
    0.50      2.8998      2.8941      11.01     10.355   0.8516
    0.70      2.3263      2.3124      14.06      7.165   0.8529
    0.85      2.1210      2.0547      15.74      6.136   0.8533
    1.00      1.9626      1.9021      17.18      5.412   0.8536
    1.30      1.7605      1.7348      19.40      4.574   0.8540
    1.80      1.5348      1.5231      22.65      3.840   0.8543
    2.50      1.4311      1.4161      24.44      3.476   0.8545
    4.00      1.3107      1.2940      27.18      3.141   0.8547
    6.00      1.2466      1.2313      29.03      2.982   0.8548
   10.00      1.1981      1.1667      30.75      2.870   0.8549
   20.00      1.1669      1.1358      32.14      2.797   0.8549
   50.00      1.1488      1.1189      33.07      2.756   0.8550
  100.00      1.1171      1.1307      34.38      2.703   0.8550
    Omega=200: rho* = 100.0000  (AT THE EDGE)   last step G falls 2.84%  -> still falling
    Omega=300: rho* = 63.2314  (interior)   last step G falls -1.04%  -> ASYMPTOTING

  gamma = 0.24   (rho_c = 0.2540)
     rho   G(Om=200)   G(Om=300)  L(Om=200)  time(200)   delta*
    0.35      7.6241      7.3231       3.38     38.854   0.7321
    0.50      3.5030      3.3770       6.06     16.199   0.7624
    0.70      2.3570      2.3740       8.67      9.776   0.7718
    0.85      2.0432      2.0590      10.04      8.038   0.7748
    1.00      1.8940      1.8033      10.80      7.079   0.7766
    1.30      1.6235      1.5823      12.81      5.835   0.7786
    1.80      1.4262      1.3958      14.71      4.898   0.7803
    2.50      1.3016      1.2737      16.29      4.340   0.7814
    4.00      1.1848      1.1855      18.13      3.874   0.7824
    6.00      1.0986      1.1081      19.85      3.592   0.7829
   10.00      1.0580      1.0662      20.85      3.438   0.7833
   20.00      1.0287      1.0549      21.66      3.332   0.7836
   50.00      1.0119      1.0379      22.18      3.272   0.7837
  100.00      1.0066      1.0325      22.35      3.254   0.7838
    Omega=200: rho* = 100.0000  (AT THE EDGE)   last step G falls 0.52%  -> ASYMPTOTING
    Omega=300: rho* = 100.0000  (AT THE EDGE)   last step G falls 0.52%  -> ASYMPTOTING

  gamma = 0.32   (rho_c = 0.3683)
     rho   G(Om=200)   G(Om=300)  L(Om=200)  time(200)   delta*
    0.50      7.1499      7.1359       2.49     37.254   0.6041
    0.70      3.3097      3.2158       4.52     16.653   0.6598
    0.85      2.5977      2.4261       5.47     12.613   0.6733
    1.00      2.1116      2.1374       6.57     10.087   0.6807
    1.30      1.7577      1.7569       7.75      8.051   0.6886
    1.80      1.4569      1.4609       9.33      6.486   0.6946
    2.50      1.3105      1.3124      10.45      5.709   0.6983
    4.00      1.1795      1.1827      11.65      5.005   0.7015
    6.00      1.1255      1.1246      12.37      4.756   0.7032
   10.00      1.0771      1.0572      12.99      4.509   0.7044
   20.00      1.0429      1.0245      13.48      4.339   0.7053
   50.00      1.0526      1.0056      13.35      4.325   0.7058
  100.00      1.0462      0.9996      13.44      4.293   0.7060
    dropped (no landscape, reported not hidden): rho = [0.35]
    Omega=200: rho* = 33.2690  (interior)   last step G falls 0.61%  -> ASYMPTOTING
    Omega=300: rho* = 100.0000  (AT THE EDGE)   last step G falls 0.60%  -> ASYMPTOTING

  P3: 2/6 cells have an INTERIOR rho*; 0 of those are below 1
      rho* range 33.269 .. 63.231   -> AM's k_dis = k_rec is optimal or beaten from above

=== P2/P4: sweep T, with gamma(T) = exp(-1.0/T) and rho(T) = exp(-dEa/T)
  T_c = dE/ln2 = 1.4427 (landscape death at gamma = 1/2)

  dEa = +0.00   (no rho channel)
      T   T/Tc   gamma     rho   G(Om=200)   G(Om=300)   L(200)   delta*  adm?
  0.300  0.208  0.0357  1.0000      3.1503      3.1748    32.14   0.9655   yes
  0.368  0.255  0.0660  1.0000      2.5438      2.6133    28.35   0.9375   yes
  0.436  0.302  0.1007  1.0000      2.2452      2.2242    23.33   0.9064   yes
  0.504  0.349  0.1373  1.0000      2.0101      2.0243    19.67   0.8740   yes
  0.571  0.396  0.1738  1.0000      1.8886      1.8887    16.36   0.8411   yes
  0.639  0.443  0.2093  1.0000      1.8549      1.8185    13.23   0.8076   yes
  0.707  0.490  0.2431  1.0000      1.8940      1.8659    10.67   0.7733   yes
  0.775  0.537  0.2752  1.0000      1.8752      1.8942     9.10   0.7377   yes
  0.843  0.584  0.3053  1.0000      2.0904      1.9760     7.05   0.7005   yes
  0.911  0.631  0.3335  1.0000      2.3336      2.2062     5.63   0.6612   yes
  0.979  0.678  0.3599  1.0000      2.6001      2.4959     4.60   0.6190   yes
  1.046  0.725  0.3846  1.0000      3.1742      2.9657     3.52   0.5734   yes
  1.114  0.772  0.4076  1.0000      3.7415      3.7259     2.77   0.5233   yes
  1.182  0.819  0.4291  1.0000      4.3921      4.5410     2.14   0.4674   yes
  1.250  0.866  0.4493  1.0000      4.5207      5.5539     1.72   0.4029   yes
    Omega=200: pre-registered T* = 0.6367 (T/Tc 0.441, interior)   |  delta*>=0.4 T* = 0.6367 (T/Tc 0.441, interior)
    Omega=300: pre-registered T* = 0.6458 (T/Tc 0.448, interior)   |  delta*>=0.4 T* = 0.6458 (T/Tc 0.448, interior)

  dEa = +0.60   (rho moves with T)
      T   T/Tc   gamma     rho   G(Om=200)   G(Om=300)   L(200)   delta*  adm?
  0.300  0.208  0.0357  0.1353      5.9412      5.9893    14.07   0.9654   yes
  0.368  0.255  0.0660  0.1958      5.0689      5.1738    11.93   0.9373   yes
  0.436  0.302  0.1007  0.2523      4.7699      4.6467     9.55   0.9054   yes
  0.504  0.349  0.1373  0.3038      4.4158      4.3013     8.15   0.8709   yes
  0.571  0.396  0.1738  0.3499      4.3545      4.1681     6.78   0.8340   yes
  0.639  0.443  0.2093  0.3912      4.3829      4.2038     5.76   0.7937   yes
  0.707  0.490  0.2431  0.4280      4.8048      4.5222     4.63   0.7490   yes
  0.775  0.537  0.2752  0.4611      5.3489      5.0591     3.77   0.6984   yes
  0.843  0.584  0.3053  0.4907      6.2401      6.1825     2.95   0.6404   yes
  0.911  0.631  0.3335  0.5175      7.3224      7.6854     2.30   0.5723   yes
  0.979  0.678  0.3599  0.5417      7.9166      9.5252     1.76   0.4901   yes
  1.046  0.725  0.3846  0.5636      6.8556      9.0683     1.44   0.3849    NO
  1.114  0.772  0.4076  0.5836      2.7095      4.0058     1.31   0.2266    NO
    dropped (no landscape): T = [np.float64(1.1821), np.float64(1.25)]
    Omega=200: pre-registered T* = 1.1143 (T/Tc 0.772, AT THE EDGE)   |  delta*>=0.4 T* = 0.5839 (T/Tc 0.405, interior)
    Omega=300: pre-registered T* = 1.1143 (T/Tc 0.772, AT THE EDGE)   |  delta*>=0.4 T* = 0.5910 (T/Tc 0.410, interior)

  dEa = -0.60   (rho moves with T)
      T   T/Tc   gamma     rho   G(Om=200)   G(Om=300)   L(200)   delta*  adm?
  0.300  0.208  0.0357  7.3891      1.8628      1.8941    59.87   0.9655   yes
  0.368  0.255  0.0660  5.1084      1.6686      1.6532    45.45   0.9375   yes
  0.436  0.302  0.1007  3.9634      1.5046      1.5193    36.54   0.9066   yes
  0.504  0.349  0.1373  3.2918      1.4307      1.4063    28.82   0.8745   yes
  0.571  0.396  0.1738  2.8578      1.3634      1.3579    23.52   0.8424   yes
  0.639  0.443  0.2093  2.5562      1.2945      1.2945    19.84   0.8103   yes
  0.707  0.490  0.2431  2.3362      1.3549      1.2867    15.33   0.7782   yes
  0.775  0.537  0.2752  2.1688      1.3262      1.3217    13.01   0.7458   yes
  0.843  0.584  0.3053  2.0377      1.4112      1.3873    10.38   0.7130   yes
  0.911  0.631  0.3335  1.9325      1.4511      1.4875     8.80   0.6793   yes
  0.979  0.678  0.3599  1.8462      1.6036      1.5956     6.99   0.6446   yes
  1.046  0.725  0.3846  1.7743      1.8206      1.7380     5.55   0.6084   yes
  1.114  0.772  0.4076  1.7134      2.0465      1.9818     4.54   0.5703   yes
  1.182  0.819  0.4291  1.6613      2.4407      2.3715     3.58   0.5300   yes
  1.250  0.866  0.4493  1.6161      2.9760      2.8506     2.74   0.4866   yes
    Omega=200: pre-registered T* = 0.6415 (T/Tc 0.445, interior)   |  delta*>=0.4 T* = 0.6415 (T/Tc 0.445, interior)
    Omega=300: pre-registered T* = 0.6855 (T/Tc 0.475, interior)   |  delta*>=0.4 T* = 0.6855 (T/Tc 0.475, interior)

=== P2: does the dEa = 0 optimum sit where gamma* says it should?
  Omega=200: T* = 0.6367   predicted dE/ln(1/gamma*) = 0.6636   ratio 0.9595   T*/T_c = 0.4413
  Omega=300: T* = 0.6458   predicted dE/ln(1/gamma*) = 0.6842   ratio 0.9439   T*/T_c = 0.4477

=== P4/P8: the opposite sweep -- does sign(dEa) move T* in opposite directions?
  BOTH criteria reported. P4 is the pre-registered one; P8 restricts to the
  delta* >= 0.4 band where P1b validates this instrument against §38.

  --- P4 (pre-registered, all cells)
    Omega=200: T*(0) = 0.6367;  +0.6 -> 1.1143 (+75.0%);  -0.6 -> 0.6415 (+0.7%)
    Omega=300: T*(0) = 0.6458;  +0.6 -> 1.1143 (+72.5%);  -0.6 -> 0.6855 (+6.1%)
    -> FAILS: T* does not split by sign(dEa) under this criterion.

  --- P8 (delta* >= 0.4)
    Omega=200: T*(0) = 0.6367;  +0.6 -> 0.5839 (-8.3%);  -0.6 -> 0.6415 (+0.7%)
    Omega=300: T*(0) = 0.6458;  +0.6 -> 0.5910 (-8.5%);  -0.6 -> 0.6855 (+6.1%)
    -> HOLDS: T* splits by sign(dEa). The rho channel is real and
       separable, so T does NOT act through gamma alone and cooling.py's
       minimal model is not sufficient for an optimal-temperature claim.

=== P6 (ARITHMETIC on §16's affinity + §38, not a measurement)
  Omega=200: gamma* = 0.2216 -> A* = 3ln(1/gamma*) = 4.521 k_B T  -> 0.1169 eV at 300 K
  Omega=300: gamma* = 0.2319 -> A* = 3ln(1/gamma*) = 4.385 k_B T  -> 0.1133 eV at 300 K
  ATP hydrolysis ~20 k_B T. NOT merged with §40's Q_min = 5.39 (rule 9).

(438s) wrote results/arrhenius_optimum.json
