eps_iso = 3.64485e-03;  collapse at x_crit = 1.5792
  D=2: 11011 states
  D=3: 1002001 states

=== P1 GATE: does adding a downstream stage change anything upstream?
  stage 1 (mean, sd) at D=2: 3.022218, 0.499216
  stage 1 (mean, sd) at D=3: 3.022218, 0.499216
  -> P1 HOLDS: the coupling is one-way, as built

=== P2: does the rail WIDTH erode from stage to stage?
  stage       mean         sd   margin in sd
      1    3.02222    0.49922          3.212
      2    2.95635    0.54189          2.959
  width ratio stage2/stage1 = 1.0855
  -> P2 HOLDS: the output is wider than the input, so the effective margin ERODES

=== P3: the absolute test -- predict stage 3 from stage 2's measured width
  penalty_2 (measured)              = 4.4419   at margin 3.212 sd
  penalty_3 PREDICTED from §91's law = 5.6514   at margin 2.959 sd
  penalty_3 (measured)              = 6.3494
  predicted/measured = 0.8901
  -> P3 HOLDS: the two-number law predicts the next stage from the previous one, within §91s own 18% scatter. Composition is computable to any depth from single-element quantities
     (penalty GREW with depth: 4.442 -> 6.349)

=== P4: does the width CONVERGE, as a restoring element requires?
  transfer gain from stages 1-2:  g^2 = 0.1783  (g = 0.4222)
  sigma_1 = 0.49922   sigma_2 = 0.54189   sigma_3 = 0.52886 (measured)
  sigma_3 PREDICTED from the LNA recursion = 0.54915   ratio 1.0384
  fixed point sigma_inf = 0.55071  (1.1032 x stage 1, vs 1.0855 at stage 2)
  -> P4 PROVISIONAL (g < 1 would give convergence to a fixed point) -- but sigma_3 here is measured on the FREE stage, under escape-conditioning that
     truncates its low tail. P4b re-measures it unconditioned and DELIVERS the verdict.

  P4b: sigma_3 again with the LAST stage REFLECTED too, so no width is measured
       under escape-conditioning (a free stage's low tail is truncated, which biases
       its width DOWN -- and the free-stage sigma_3 above came out BELOW sigma_2,
       which the recursion cannot produce).
       sigma = 0.49922, 0.54181, 0.70814   (monotone: True)
       g^2 = 0.1779;  sigma_3 predicted 0.54904 vs measured 0.70814   ratio 0.7753
       -> P4b FAILS: the recursion does NOT predict the third width. The erosion ACCELERATES, so the widths do not converge to the LNA fixed point and BOTH simple readings -- geometric runaway and constant-gain convergence -- are refuted. The width sequence is not predicted by anything here.
  ** the geometric reading -- 'the margin halves every 8.5 stages, so depth is capped'
     -- is what a single ratio extrapolates to, and it is wrong (rule 15). Stage 1 is
     the ONLY stage whose input is a noiseless chemostat, so the 1->2 step is the
     least representative one in the chain. **

wrote results/depth_compounding.json
