b* = 0.779944271123   c* = -ln(b*)/2 = 0.124266404564

=== P1 GATE: does D_max * eps -> c* as eps -> 0?
         eps         D_max     D_max*eps       /c*
     1.0e-01         1.114    0.11137799   0.89628
     1.0e-02          12.3    0.12301956   0.98997
     1.0e-03         124.1    0.12414210   0.99900
     1.0e-04          1243    0.12425398   0.99990
     1.0e-06     1.243e+05    0.12426628   1.00000
     1.0e-08     1.243e+07    0.12426640   1.00000
  |D*eps/c* - 1|: 1.04e-01, 1.00e-02, 1.00e-03, 1.00e-04, 1.00e-06, 8.95e-09
  -> P1 HOLDS: monotone to 8.9e-09, so D_max * eps = c* exactly in the limit

=== P2: which eps for an ASYMMETRIC channel?
    eps_hi    eps_lo     D*arith      D*geom      D*harm
   1.0e-03   3.0e-03    1.049610    0.908989    0.787208
   1.0e-04   9.0e-04    1.165304    0.699183    0.419510
   2.0e-05   1.0e-06    1.246763    0.531018    0.226170
   1.0e-02   1.0e-05    1.384852    0.087498    0.005528
  -> P2: the ARITH mean, as the decay rate lam = 1 - e_hi - e_lo predicts
     but it is EXACT only in the symmetric limit: the deviation grows with the
     asymmetry ratio 3x->1.050, 9x->1.165, 20x->1.247, 1000x->1.385
     Real elements (P3) are mildly asymmetric and sit inside 1%.

=== P3: across substrates, at matched eps
                    source   eps (arith)       D_max   D*eps/c*
   Schloegl lam=1.0 W=3600    2.9080e-03       42.97   1.005577
  Schloegl lam=1.0 W=14400    2.8114e-03        44.5   1.006874
   Schloegl lam=4.0 W=3600    2.8114e-03        44.5   1.006874
  Schloegl lam=4.0 W=14400    2.7878e-03        44.9   1.007202
               step f=0.45    1.7575e-02        7.03   0.994159
               step f=0.28    2.2448e-04       558.1   1.008175
  -> P3 HOLDS: the same constant across every substrate, to under 1% (worst 8.18e-03; the residual is the asymmetry correction of P2, not substrate)

=== P4: so what WAS §12's factor of 3?
  f = s/D   D/sigma  §12 formula  exact c*/eps    ratio  predicted
     0.45     2.222         2.95          9.46    3.204      2.769
     0.35     2.857        14.81         58.14    3.926      3.560
     0.28     3.571       147.12        700.01    4.758      4.450
  §12.1's own measured/predicted (AM):   3.00, 3.38, 3.33
  §73's step-function measurements:      2.71, 3.11, 3.80
  -> P4 the factor RISES with Delta/sigma as the dropped algebraic prefactor predicts -- it is NOT a constant 3 and NOT an exponent error

wrote results/depth_is_error.json
