=== P1/P2: does matching the endpoints to the lattice help, and per cell?
 gamma   rho    Om  eps_real    T_nom   T_real    dT%  pred/gap nom  pred/gap real
  0.07   1.0   300    0.3498   4.8795   4.8752  -0.09         0.936          0.941
  0.07   1.0   500    0.3469   4.8795   4.9292   1.02         1.052          0.965
  0.07   1.0   700    0.3488   4.8795   4.8944   0.31         1.000          0.974
  0.07   1.0  1000    0.3491   4.8795   4.8886   0.19         0.991          0.975

  0.20   1.0   300    0.3470   6.6600   6.7128   0.79         0.969          0.884
  0.20   1.0   500    0.3503   6.6600   6.6740   0.21         0.937          0.917
  0.20   1.0   700    0.3482   6.6600   6.6825   0.34         0.983          0.942
  0.20   1.0  1000    0.3503   6.6600   6.6509  -0.14         0.941          0.956

  0.35   1.0   300    0.3514  12.9075  12.9495   0.33         0.780          0.737
  0.35   1.0   500    0.3462  12.9075  13.0091   0.79         0.880          0.740
  0.35   1.0   700    0.3484  12.9075  12.9672   0.46         0.832          0.754
  0.35   1.0  1000    0.3493  12.9075  12.9057  -0.01         0.796          0.796

  0.20   0.5   300    0.3494  13.5234  13.6055   0.61         0.786          0.723
  0.20   0.5   500    0.3503  13.5234  13.4843  -0.29         0.763          0.795
  0.20   0.5   700    0.3489  13.5234  13.5589   0.26         0.858          0.821
  0.20   0.5  1000    0.3490  13.5234  13.5728   0.36         0.914          0.859

  0.20  32.0   300    0.3497   3.0551   3.0661   0.36         0.777          0.606
  0.20  32.0   500    0.3489   3.0551   3.0655   0.34         0.952          0.716
  0.20  32.0   700    0.3485   3.0551   3.0653   0.33         1.056          0.778
  0.20  32.0  1000    0.3501   3.0551   3.0561   0.03         0.850          0.828

=== P2: the per-cell prediction -- gamma=0.35 most, gamma=0.07 least
  gamma=0.07: |1-ratio| 0.0641 -> 0.0585   improvement +0.0056
  gamma=0.20: |1-ratio| 0.0308 -> 0.1164   improvement -0.0856
  gamma=0.35: |1-ratio| 0.2199 -> 0.2631   improvement -0.0433
  -> gamma=0.35 improves -0.0433, gamma=0.07 improves +0.0056   NOT as predicted

=== P3/P4: with endpoints matched, does pred/gap -> 1 with Omega?
 gamma   rho      Om=300      Om=500      Om=700     Om=1000
  0.07   1.0      0.9415      0.9655      0.9741      0.9745
  0.20   1.0      0.8836      0.9172      0.9421      0.9558
  0.35   1.0      0.7369      0.7397      0.7541      0.7959
  0.20   0.5      0.7226      0.7950      0.8214      0.8594
  0.20  32.0      0.6065      0.7159      0.7776      0.8281
  Omega=  300: mean 0.7782  spread  43.0%  (below 1)
  Omega=  500: mean 0.8267  spread  30.2%  (below 1)
  Omega=  700: mean 0.8539  spread  25.8%  (below 1)
  Omega= 1000: mean 0.8827  spread  20.2%  (below 1)

=== P4: is the approach FROM BELOW, as absorption requires?
  Om=300:0.7782  Om=500:0.8267  Om=700:0.8539  Om=1000:0.8827
  all below 1: True;  rising with Omega: True  -> consistent with absorption bias

=== P5/P6: verdict
  at Omega=1000: pred/gap nominal endpoints 0.8982, matched endpoints 0.8827
  -> P5: a 11.7% shortfall survives both fixes.
     T-COST-i stays open with a measured value, not a story.

(258s) wrote results/lag_endpoints.json
