=== P1/P2: is the ridge displaced from the slow manifold, and is it RESOLVED?
  gamma  Omega       u   b ridge     b det      diff  diff*Omega  floor margin
    0.4    200   0.080   0.33264   0.33227   0.00038        0.08         677.4
    0.4    200   0.220   0.32758   0.32530   0.00228        0.46         677.4
    0.4    200   0.360   0.31683   0.31196   0.00487        0.97         677.4
    0.4    200   0.500   0.29673   0.29250   0.00423        0.85         677.4
    0.4    300   0.080   0.33260   0.33227   0.00034        0.10         673.9
    0.4    300   0.220   0.32743   0.32530   0.00213        0.64         673.9
    0.4    300   0.360   0.31648   0.31196   0.00452        1.36         673.9
    0.4    300   0.500   0.29608   0.29250   0.00358        1.07         673.9
    0.4    450   0.084   0.33249   0.33215   0.00034        0.15         668.9
    0.4    450   0.222   0.32721   0.32514   0.00207        0.93         668.9
    0.4    450   0.360   0.31626   0.31196   0.00429        1.93         668.9
    0.4    450   0.498   0.29610   0.29286   0.00324        1.46         668.9
    0.4    600   0.083   0.33250   0.33218   0.00032        0.19         663.9
    0.4    600   0.220   0.32729   0.32530   0.00199        1.19         663.9
    0.4    600   0.360   0.31614   0.31196   0.00418        2.51         663.9
    0.4    600   0.500   0.29544   0.29250   0.00294        1.77         663.9
   0.44    200   0.070   0.33285   0.33260   0.00025        0.05         681.3
   0.44    200   0.180   0.32960   0.32852   0.00108        0.22         681.3
   0.44    200   0.290   0.32299   0.32088   0.00211        0.42         681.3
   0.44    200   0.400   0.31178   0.30975   0.00202        0.40         681.3
   0.44    300   0.067   0.33286   0.33267   0.00019        0.06         679.7
   0.44    300   0.180   0.32949   0.32852   0.00097        0.29         679.7
   0.44    300   0.287   0.32303   0.32116   0.00187        0.56         679.7
   0.44    300   0.400   0.31138   0.30975   0.00163        0.49         679.7
   0.44    450   0.067   0.33284   0.33267   0.00016        0.07         677.6
   0.44    450   0.178   0.32952   0.32864   0.00089        0.40         677.6
   0.44    450   0.289   0.32271   0.32097   0.00174        0.78         677.6
   0.44    450   0.400   0.31112   0.30975   0.00136        0.61         677.6
   0.44    600   0.067   0.33282   0.33267   0.00015        0.09         675.6
   0.44    600   0.177   0.32954   0.32869   0.00084        0.51         675.6
   0.44    600   0.290   0.32255   0.32088   0.00167        1.00         675.6
   0.44    600   0.400   0.31099   0.30975   0.00123        0.74         675.6
  -> P1(a) HOLDS: the floor is >100 nats below every point read
  gamma=0.4: mean diff in LATTICE UNITS 0.59, 0.79, 1.12, 1.41   in PHYSICAL units 0.00294, 0.00264, 0.00249, 0.00236
  gamma=0.44: mean diff in LATTICE UNITS 0.27, 0.35, 0.47, 0.59   in PHYSICAL units 0.00137, 0.00116, 0.00104, 0.00098
  -> P1(b) HOLDS: the displacement grows in lattice units and holds in physical ones -- it is resolved, not quantisation
  -> P2 the ridge sits ABOVE the deterministic manifold (more blank) at every point

=== P3: rebuild the 1-D chain on the RIDGE. Does that close §85's deficit?
    (a DIAGNOSIS, not a prediction -- the ridge is read from the exact answer)
  gamma   measured   on b_det   ratio  on b_ridge   ratio
    0.4   0.032622   0.029447  0.9027    0.032908  1.0088
   0.44   0.012080   0.011292  0.9348    0.012209  1.0107
  -> P3 HOLDS: integrating along the ridge closes most of the deficit. The
     reduction was the right formula on the WRONG CURVE.

=== P4: does the displacement shrink toward gamma_c, as the deficit does?
  gamma   mean displacement   §85 deficit 1-ratio
    0.4             0.00254                0.0977
   0.44             0.00104                0.0651
  -> P4 HOLDS: both shrink toward gamma_c together

=== P5 (rule 9): the SAME claim along §85's M axis, at fixed gamma
    per slice, NOT summarised -- one bimodal slice at M = 8 drove the mean to
    -0.078 and flipped this verdict before the unimodality gate existed
   M  slices  dropped        displacement per slice (u/u* rising)      mean  §85 deficit
   1       6        0  +0.00031, +0.00121, +0.00258, +0.00394, +0.00470, +0.00326   0.00267       0.0977
   2       6        0  +0.00049, +0.00146, +0.00310, +0.00498, +0.00601, +0.00401   0.00334       0.0661
   4       5        1  +0.00121, +0.00231, +0.00373, +0.00456, +0.00327   0.00302       0.0379
   8       4        1      +0.00151, +0.00244, +0.00300, +0.00223   0.00230       0.0220
  raw displacement over M: 0.00267, 0.00334, 0.00302, 0.00230   (NOT monotone); §85 deficit falls 4.4x
  -> P5 on the RAW displacement: it does NOT shrink with M.
     **But that criterion is wrong (rule 19).** A displacement in b and a deficit
     in the action are not commensurate: what enters A is the displacement TIMES
     the sensitivity d(ln lam_u/mu_u)/db, and nothing says that sensitivity is
     constant in M. The comparable test is P3 along the M axis, below.

=== P5b: the COMMENSURATE test -- P3 repeated at each M
   M  measured (§85)   on b_det   ratio  on b_ridge   ratio      slices first u/u*
   1        0.032623   0.029447  0.9026    0.033101  1.0147       10/10     0.15
   2        0.071575   0.066957  0.9355    0.072253  1.0095       10/10     0.15
   4        0.096398   0.093034  0.9651    0.068272  0.7082        9/10     0.24
   8        0.110381   0.108409  0.9821    0.110123  0.9977        7/10     0.41
  the ridge beats the deterministic manifold in 3/4 cells
  -> P5b UNDECIDED, and deliberately so. M = 1, 2 and 8 land at 1.0147, 1.0095
     and 0.9977 -- P3 reproduced on a second axis. **M = 4 reads 0.7082 and I
     cannot say why.** Its slice coverage is no worse than M = 8's, so the
     coverage story is wrong; a gate written to exclude it excluded M = 8 instead
     and kept it. Three distinct contamination modes have now appeared at M > 1
     (whole-slice underflow, partial underflow with a spurious peak, and this),
     so the instrument -- reading a ridge off the stationary distribution at
     M > 1 -- is not trustworthy enough to settle the M axis. **Reported as
     unresolved rather than gated until it agrees.** P3 and P4 do not depend on it.

wrote results/off_the_manifold.json
