gamma = 0.25, beta_c = 0.6365  (P4: every cell must stay below)

  beta   b/bc   Om        p_e      Phi_c     Phi_e      sum  Phi_c/p_c  Phi_e/p_e
  0.00   0.00   30 3.3778e-01 6.6233e-01  0.337669 1.000000   1.000160   0.999686
  0.00   0.00   40 2.9697e-01 7.0408e-01  0.295924 1.000000   1.001491   0.996471
  0.00   0.00   50 3.1622e-01 6.8309e-01  0.316908 1.000000   0.998994   1.002175
  0.00   0.00   60 2.8196e-01 7.1806e-01  0.281939 1.000000   1.000027   0.999930
  0.00   0.00   75 3.0358e-01 6.9647e-01  0.303533 1.000000   1.000061   0.999861
  0.00   0.00   90 2.4143e-01 7.5852e-01  0.241481 1.000000   0.999936   1.000198
  0.05   0.08   30 2.9004e-01 7.1011e-01  0.289892 1.000000   1.000203   0.999504
  0.05   0.08   40 2.8944e-01 7.1224e-01  0.287758 1.000000   1.002367   0.994189
  0.05   0.08   50 3.3721e-01 6.6175e-01  0.338246 1.000000   0.998442   1.003062
  0.05   0.08   60 2.3011e-01 7.6953e-01  0.230470 1.000000   0.999534   1.001560
  0.05   0.08   75 2.8694e-01 7.1300e-01  0.287004 1.000000   0.999911   1.000223
  0.05   0.08   90   EXCLUDED by P1': |Phi_all - 1| = 3.145e-06, ln w = -5.1 (e^-5 is past double precision)
  0.10   0.16   30 2.4396e-01 7.5547e-01  0.244531 1.000000   0.999242   1.002350
  0.10   0.16   40 2.8093e-01 7.2092e-01  0.279075 1.000000   1.002583   0.993389
  0.10   0.16   50 3.0507e-01 6.9844e-01  0.301561 1.000000   1.005046   0.988505
  0.10   0.16   60 2.6916e-01 7.3014e-01  0.269864 1.000000   0.999040   1.002606
  0.10   0.16   75 2.7005e-01 7.2915e-01  0.270846 1.000001   0.998908   1.002956
  0.10   0.16   90   EXCLUDED by P1': |Phi_all - 1| = 1.018e-04, ln w = -10.2 (e^-10 is past double precision)
  0.15   0.24   30 3.3714e-01 6.6297e-01  0.337025 1.000000   1.000177   0.999651
  0.15   0.24   40 2.7055e-01 7.3088e-01  0.269116 1.000000   1.001971   0.994687
  0.15   0.24   50 3.2448e-01 6.7948e-01  0.320522 1.000000   1.005856   0.987809
  0.15   0.24   60 2.1669e-01 7.8066e-01  0.219340 1.000000   0.996614   1.012241
  0.15   0.24   75 2.1780e-01 7.8481e-01  0.215194 0.999999   1.003337   0.988011
  0.15   0.24   90   EXCLUDED by P1': |Phi_all - 1| = 3.135e-04, ln w = -15.4 (e^-15 is past double precision)
  0.20   0.31   30 2.7977e-01 7.1851e-01  0.281491 1.000000   0.997609   1.006156
  0.20   0.31   40 2.5700e-01 7.4326e-01  0.256736 1.000000   1.000358   0.998964
  0.20   0.31   50 2.3465e-01 7.6695e-01  0.233045 1.000000   1.002100   0.993151
  0.20   0.31   60 2.1343e-01 7.8914e-01  0.210864 1.000000   1.003269   0.987954
  0.20   0.31   75   EXCLUDED by P1': |Phi_all - 1| = 1.276e-05, ln w = -17.2 (e^-17 is past double precision)
  0.20   0.31   90   EXCLUDED by P1': |Phi_all - 1| = 3.969e-03, ln w = -20.7 (e^-21 is past double precision)
  0.25   0.39   30 2.1853e-01 7.7657e-01  0.223426 1.000000   0.993729   1.022427
  0.25   0.39   40 2.3834e-01 7.5980e-01  0.240197 1.000000   0.997566   1.007779
  0.25   0.39   50 2.4518e-01 7.5508e-01  0.244925 1.000000   1.000339   0.998955
  0.25   0.39   60 2.4456e-01 7.5731e-01  0.242687 1.000000   1.002481   0.992336
  0.25   0.39   75   EXCLUDED by P1': |Phi_all - 1| = 2.263e-04, ln w = -21.7 (e^-22 is past double precision)
  0.25   0.39   90   EXCLUDED by P1': |Phi_all - 1| = 3.924e-02, ln w = -25.9 (e^-26 is past double precision)
  0.30   0.47   30 2.3270e-01 7.7637e-01  0.223625 1.000000   1.011820   0.961024
  0.30   0.47   40 2.8401e-01 7.2715e-01  0.272848 1.000000   1.015586   0.960708
  0.30   0.47   50 2.4994e-01 7.4801e-01  0.251989 1.000000   0.997271   1.008188
  0.30   0.47   60   EXCLUDED by P1': |Phi_all - 1| = 6.950e-06, ln w = -20.9 (e^-21 is past double precision)
  0.30   0.47   75   EXCLUDED by P1': |Phi_all - 1| = 1.942e-04, ln w = -26.2 (e^-26 is past double precision)
  0.30   0.47   90   EXCLUDED by P1': |Phi_all - 1| = 7.474e-03, ln w = -31.6 (e^-32 is past double precision)
  0.35   0.55   30 1.5001e-01 8.5332e-01  0.146679 1.000000   1.003918   0.977802
  0.35   0.55   40 2.4723e-01 7.6133e-01  0.238667 1.000000   1.011377   0.965358
  0.35   0.55   50 2.0289e-01 8.0226e-01  0.197735 1.000000   1.006471   0.974576
  0.35   0.55   60   EXCLUDED by P1': |Phi_all - 1| = 3.301e-05, ln w = -24.6 (e^-25 is past double precision)
  0.35   0.55   75   EXCLUDED by P1': |Phi_all - 1| = 6.040e-03, ln w = -31.0 (e^-31 is past double precision)
  0.35   0.55   90   EXCLUDED by P1': |Phi_all - 1| = 1.756e-01, ln w = -35.3 (e^-35 is past double precision)
  0.40   0.63   30 5.1635e-02 9.4483e-01  0.055169 1.000000   0.996274   1.068443
  0.40   0.63   40 1.9250e-01 8.1081e-01  0.189187 1.000000   1.004105   0.982781
  0.40   0.63   50   EXCLUDED by P1': |Phi_all - 1| = 1.470e-06, ln w = -23.7 (e^-24 is past double precision)
  0.40   0.63   60   EXCLUDED by P1': |Phi_all - 1| = 2.752e-05, ln w = -28.6 (e^-29 is past double precision)
  0.40   0.63   75   EXCLUDED by P1': |Phi_all - 1| = 1.610e-01, ln w = -36.6 (e^-37 is past double precision)
  0.40   0.63   90   EXCLUDED by P1': |Phi_all - 1| = 1.873e-01, ln w = -38.9 (e^-39 is past double precision)
  P4: 0 cells skipped (monostable or unbuildable); P1': 17 excluded on precision

=== P1 GATE: does Phi_c + Phi_e reconstruct §41's 1, on surviving cells?
  |sum - 1| over 37 cells: max 9.386e-07, median 9.229e-10
  -> P1 HOLDS

=== P2: does the outcome-wise factorisation survive the tilt?
  beta      |rc-1|      |re-1|  cells
  0.00    0.000468    0.001071      6
  0.05    0.000937    0.002230      5
  0.10    0.002088    0.005204      5
  0.15    0.002945    0.008417      5
  0.20    0.002030    0.006522      4
  0.25    0.002881    0.009729      4
  0.30    0.010045    0.028819      3
  0.35    0.007255    0.027421      3
  0.40    0.003916    0.042831      2
  beta=0 residual (measured HERE, paired): 0.001071; Omega scatter at beta=0.4: 0.051224
  -> P2 (c) INCONCLUSIVE: the Omega scatter (0.0512) dominates the beta=0 residual (0.0011) and |r-1| peaks at only 0.0428. Too noisy to say either way.

=== P3 (rule 17): does the deviation track the boundary weight ln w?
  |ln w| spans 0.000..20.420; correlation with |r-1| = +0.546 over 37 cells
  -> the boundary-weight account is a SUSPECT (not supported), not a result

=== P5 (rule 9): the start offset, an axis the claim is not about
    off   beta      |rc-1|      |re-1|
  0.040   0.00    0.000069    0.000148
  0.040   0.40   EXCLUDED by P1' (|Phi_all-1| = 2.60e-01, ln w = -38.9)
  0.060   0.00    0.000064    0.000198
  0.060   0.40   EXCLUDED by P1' (|Phi_all-1| = 1.87e-01, ln w = -38.9)
  0.090   0.00    0.000264    0.001244
  0.090   0.40   EXCLUDED by P1' (|Phi_all-1| = 9.92e-02, ln w = -38.9)

=== P7: the confound -- |ln w| rises with beta AND with Omega.
    Compare |r-1| across beta AT MATCHED |ln w| (nuisance swept against cause).
  correlation |r-1| with |ln w|: +0.546; with beta: +0.728  (both predicted positive by BOTH hypotheses)
  |ln w| in [0.0, 4.4]: 7 cells, beta 0.05-0.10, Omega 30-75, corr(beta, |r-1|) = +0.440
  |ln w| in [4.4, 11.3]: 13 cells, beta 0.10-0.30, Omega 30-75, corr(beta, |r-1|) = +0.660
  |ln w| in [11.3, 20.4]: 13 cells, beta 0.15-0.40, Omega 30-75, corr(beta, |r-1|) = +0.637
  mean within-band corr(beta, |r-1|) = +0.579 over ~10 cells/band
  -> SUGGESTIVE ONLY: the rise partly survives matched conditioning (r = +0.579 on ~10 cells per band), which is too weak to separate tilt from solve error. NOT settled either way.
  NOTE, and it does not depend on the above: §60 claimed a GENERAL closure and tested only beta = 0. Its scope must be corrected regardless of which hypothesis wins here.

(21s) wrote results/outcome_split_tilted.json
