Phi_o = p_o * <e^(-S_tot) | o>;  §41 says Phi_c + Phi_e = 1
  gamma   Om   eps         p_e       Phi_c     Phi_e       sum  Phi_e/p_c  Phi_c/p_e
   0.10   40  0.35  2.4846e-03  9.9753e-01  0.002467  1.000000   0.002473 4.0149e+02
   0.10   40  0.50  2.5052e-05  9.9998e-01  0.000021  1.000000   0.000021 3.9916e+04
   0.10   60  0.35  3.2992e-04  1.0044e+00  0.009143  1.013560   0.009146 3.0444e+03
   0.10   60  0.50  8.6362e-07  1.0000e+00  0.000024  1.000039   0.000024 1.1579e+06
   0.10   90  0.35  4.4385e-06 1.3772e+2799338052422377946675302165961133227570168183303636909710570894722517072080036503568979546163992748886614765148550363801686638635817750711508868342079456638469327403108840856142867240233075298707849856086504937522100631710838723557113990145904433360674934993040301890438430720.0000001377215444015095614777804544221181500371331920206088709350954396959310184244487878528896889203542033727001814749420440871174707450507719924040910798682128719421783296231779066840662675433739998658638279952389991533955325563569364499167463342071271539882147751583273016297139470336.0000009338093869467083580469724525079661274031393948186558527167659412378829690064326339548331554110714807364799385662282042016210585854778571522959403056329205621394201046112921387537886153744583286217860632770115618274920109804606268990935528332480099347360964256116826884276224.0000003.1029e+284
   0.10   90  0.50  1.2373e-09  1.1825e+00  0.000000  1.182534   0.000000 9.5577e+08
   0.20   40  0.35  2.6672e-02  9.7466e-01  0.025335  1.000000   0.026030 3.6542e+01
   0.20   40  0.50  1.2552e-03  9.9870e-01  0.001303  1.000000   0.001305 7.9563e+02
   0.20   60  0.35  3.8102e-03  9.9607e-01  0.003929  1.000000   0.003944 2.6142e+02
   0.20   60  0.50  2.4457e-04  9.9977e-01  0.000228  1.000000   0.000228 4.0879e+03
   0.20   90  0.35  4.8984e-04  9.9950e-01  0.000498  0.999999   0.000499 2.0405e+03
   0.20   90  0.50  4.7433e-06  1.0000e+00  0.000005  1.000000   0.000005 2.1082e+05
   0.30   40  0.35  8.4448e-02  9.1536e-01  0.084641  1.000000   0.092448 1.0839e+01
   0.30   40  0.50  1.9746e-02  9.8063e-01  0.019369  1.000000   0.019760 4.9661e+01
   0.30   60  0.35  3.3548e-02  9.6668e-01  0.033320  1.000000   0.034477 2.8815e+01
   0.30   60  0.50  8.8457e-03  9.9140e-01  0.008599  1.000000   0.008676 1.1208e+02
   0.30   90  0.35  1.8108e-02  9.8185e-01  0.018154  1.000000   0.018489 5.4222e+01
   0.30   90  0.50  1.0294e-03  9.9895e-01  0.001051  1.000000   0.001052 9.7038e+02

=== P1 GATE: does Phi_c + Phi_e reconstruct §41's 1?
  |sum - 1| over 18 cells: max 1.377e+279, median 1.335e-09
  -> P1 FAILS

=== P2: is Phi_e = p_c and Phi_c = p_e?
  Phi_e/p_c: 0.000000 .. 9338093869467083580469724525079661274031393948186558527167659412378829690064326339548331554110714807364799385662282042016210585854778571522959403056329205621394201046112921387537886153744583286217860632770115618274920109804606268990935528332480099347360964256116826884276224.000000   (1 would be exact)
  Phi_c/p_e: 1.0839e+01 .. 3.1029e+284
  -> P2 FAILS

=== P4: if P2 fails, are the ratios at least CONSTANT?
  Phi_e/p_c spread: 1800.00%
  Phi_c/p_e spread: 1800.00%

=== P5 (rule 9): does the relation behave the same along EVERY axis?
  Phi_e/p_c by  gamma: 0.1:0.001249  0.2:0.000902  0.3:0.019124
  Phi_e/p_c by  omega: 40:0.011117  60:0.006310  90:0.000775
  Phi_e/p_c by    eps: 0.35:0.018489  0.5:0.000228

=== P6: Jensen sanity -- <e^-S|e> = Phi_e/p_e must exceed 1 for error paths
  <e^(-S)|error> spans 8.466e-01 .. 2.104e+279  -> SOME <= 1, suspect a sign error in sigma_local
  odds p_c/p_e spans 1.084e+01 .. 8.082e+08
  ratio <e^-S|e> / (p_c/p_e): 0.000000 .. 9338093869467083580469724525079661274031393948186558527167659412378829690064326339548331554110714807364799385662282042016210585854778571522959403056329205621394201046112921387537886153744583286217860632770115618274920109804606268990935528332480099347360964256116826884276224.000000

(3s) wrote results/outcome_split.json
