An element with ONE species: no exchange symmetry exists to appeal to.
  skew    Om       A      lnw       p_hi     Phi_hi        sum   |r_lo-1|   |r_hi-1|
  1.00   200  2.3979    -1.89 1.9626e-01 1.9626e-01  1.0000000  2.442e-15  1.332e-14
  1.00   400  2.3979    -2.49 1.4027e-01 1.4027e-01  1.0000000  9.082e-14  1.728e-13
  1.00   800  2.3979    -3.68 7.4262e-02 7.4262e-02  1.0000000  1.790e-13  1.126e-13
  1.30   200  2.4300    -1.61 1.7609e-01 1.7609e-01  1.0000000  2.143e-14  4.641e-14
  1.30   400  2.4300    -1.79 1.2644e-01 1.2644e-01  1.0000000  1.510e-14  7.205e-14
  1.30   800  2.4300    -2.16 6.3751e-02 6.3751e-02  1.0000000  2.598e-14  1.332e-15
  1.70   200  2.4732    -0.79 1.6648e-01 1.6648e-01  1.0000000  2.442e-15  3.386e-14
  1.70   400  2.4732     0.01 1.1756e-01 1.1756e-01  1.0000000  7.438e-15  2.300e-13
  1.70   800  2.4732     1.60 5.3162e-02 5.3162e-02  1.0000000  2.975e-14  2.807e-13
  2.20   200  2.5269     1.02 1.6363e-01 1.6363e-01  1.0000000  2.420e-14  2.665e-14
  2.20   400  2.5269     3.80 1.0811e-01 1.0811e-01  1.0000000  7.772e-16  9.603e-14
  2.20   800  2.5269     9.35 4.3064e-02 4.3064e-02  1.0000000  8.127e-14  3.531e-14
  3.00   200  2.6101     5.79 1.5852e-01 1.5852e-01  1.0000000  1.510e-14  8.649e-14
  3.00   400  2.6101    13.58 9.4820e-02 9.4820e-02  1.0000000  7.505e-14  7.061e-14
  3.00   800  2.6101    29.17 3.2452e-02 3.2452e-02  1.0000000  2.121e-13  1.044e-14
  4.00   200  2.7081    15.02 1.5071e-01 1.5071e-01  1.0000000  1.099e-14  8.682e-14
  4.00   400  2.7081    32.31 8.2661e-02 8.2661e-02  1.0000000  8.016e-14  9.437e-15
  4.00   800  2.7081    66.90   EXCLUDED by P1: |sum-1| = 7.89e-03 at ln w = 66.9 (e^67 past double precision)

=== P1 GATE: does Phi_lo + Phi_hi reconstruct the identity?
  |sum - 1| over 17 cells: max 2.047e-13, median 2.043e-14
  1 cells excluded on precision (ln w = 67)
  -> P1 HOLDS on every surviving cell -- the gate §66 could not hold

=== P2: is Phi_o = p_o with NO symmetry available?
  skew   mean |r_lo-1|   mean |r_hi-1|  max |ln w|
  1.00       9.074e-14       9.955e-14         3.7
  1.30       2.084e-14       3.993e-14         2.2
  1.70       1.321e-14       1.815e-13         1.6
  2.20       3.542e-14       5.266e-14         9.4
  3.00       1.007e-13       5.584e-14        29.2
  4.00       4.557e-14       4.813e-14        32.3
  balanced-element residual 9.955e-14; solver noise 2.043e-14
  -> P2 (a) NO DEVIATION: |r-1| peaks at 1.815e-13 against a floor 9.955e-14. The factorisation holds with NO symmetry available, so §60's result generalises and §60's MECHANISM for it is wrong.

=== P3: is the §66 confound present? |r-1| against ln w
  |ln w| spans 0.0..32.3 while |r-1| spans 1.33e-14..2.81e-13
  -> the confound is BROKEN: ln w runs over tens and |r-1| stays at solver noise

wrote results/outcome_split_schlogl.json
