=== rho knob at gamma = 0.2
   rho   sep_pt  sep_path  sep_time  sep_cost  |resid|     fast    slow
  0.50   11.703    28.600    27.269    29.607   0.0252   -1.129   0.098
  0.75    8.036    19.204    18.267    20.175   0.0519   -1.252   0.165
  1.00    7.000    16.589    15.761    17.558   0.0534   -1.402   0.216
  1.50    6.730    16.015    15.209    17.021   0.0913   -1.755   0.280
  2.00    7.190    17.327    16.464    18.394   0.0791   -2.149   0.316
  3.00    8.733    21.541    20.497    22.750   0.0602   -2.994   0.349
  4.00   10.556    26.463    25.206    27.823   0.0722   -3.872   0.365
  6.00   14.454    36.944    35.235    38.612   0.0470   -5.669   0.378
  8.00   18.472    47.725    45.549    49.699   0.0443   -7.487   0.383
 16.00   34.823    91.548    87.471    94.740   0.0208  -14.814   0.391
 32.00   67.764   179.797   171.889   185.408   0.0068  -29.518   0.394

=== gamma knob at rho = 1
 gamma   sep_pt  sep_path  sep_time  sep_cost  |resid|     fast    slow
  0.07    3.977     9.793     9.240    10.499   0.1178   -1.221   0.330
  0.12    4.895    11.717    11.086    12.550   0.1006   -1.282   0.286
  0.20    7.000    16.589    15.761    17.558   0.0534   -1.402   0.216
  0.28   10.636    25.536    24.340    26.439   0.0144   -1.544   0.151
  0.35   17.000    41.632    39.763    42.066   0.0446   -1.680   0.099

=== P1 GATE: do the path conventions differ from the point value?
  sep_path =   16.589 vs point 7.000   differ  137.0%   -> informative
  sep_time =   15.761 vs point 7.000   differ  125.2%   -> informative
  sep_cost =   17.558 vs point 7.000   differ  150.8%   -> informative

=== P2: does any convention UN-MATCH the 8x pair (rho 0.5 vs rho 4)?
  residuals: 0.0216 vs 0.0670  (ratio 3.11x)
  sep_point:   11.703 vs   10.556  differ 1.11x   -> still matched, explains nothing
  sep_ path:   28.600 vs   26.463  differ 1.08x   -> still matched, explains nothing
  sep_ time:   27.269 vs   25.206  differ 1.08x   -> still matched, explains nothing
  sep_ cost:   29.607 vs   27.823  differ 1.06x   -> still matched, explains nothing

=== P3: do the two knobs collapse under each convention?
  convention   rho slope  gamma slope   ratio     verdict
       point      0.4411       1.1471    2.60       split
        path      0.9515       2.6573    2.79       split
        time      0.9014       2.5147    2.79       split
        cost      1.0069       2.9092    2.89       split

=== P4: is residual * sep constant (absolute form)?
  convention   rho drift  gamma drift
       point        4.45x        1.96x
        path        4.33x        2.01x
        time        4.33x        1.99x
        cost        4.38x        2.08x

=== P5/P6: verdict
  NO convention collapses the two knobs.
  -> P5: slaving is REFUTED as rho's mechanism. T-COST-f closes negative:
     §44.2's lever keeps its measurement and has no account, and §39's
     residual returns to T-COST-c's other candidates. This was the
     predicted outcome -- both eigenvalues scale together with rho, so no
     ratio, point or path, can manufacture the 3x the residuals show.

==============================================================================
SECOND PASS: T_det/MFPT, which is what §39.1/§39.2 actually test

=== P7 GATE: §39.2's published cell -- gamma=0.20, rho=1, sep=7.00, T_det/MFPT-1 = +0.0914
  Omega=200: T_det = 6.6601  MFPT = 6.1639  ratio-1 = +0.0805
  Omega=300: T_det = 6.6601  MFPT = 6.0887  ratio-1 = +0.0938

=== P8/P9: is (T_det/MFPT - 1)*sep constant WITHIN each axis?
  §39.2 T axis: 0.6465 +- 12.3% over 9x in sep. Cells with gap < 0.008 are
  at numerical resolution and are excluded and reported, as §39.2 did.

  --- rho axis
     rho      sep       gap   gap*sep
    0.50   11.703    0.0808    0.9460
    0.75    8.036    0.0886    0.7123
    1.00    7.000    0.0805    0.5634
    1.50    6.730    0.1029    0.6922
    2.00    7.190    0.0771    0.5547
    3.00    8.733    0.0623    0.5443
    4.00   10.556    0.0674    0.7116
    6.00   14.454    0.0519    0.7501
    8.00   18.472    0.0423    0.7808
   16.00   34.823    0.0251    0.8741
   32.00   67.764    0.0160    1.0824
    coefficient = 0.7465, spread 72.1% over 11 cells  -> NOT constant, the 1/sep SCALING fails on this axis

  --- gamma axis
   gamma      sep       gap   gap*sep
    0.07    3.977    0.1309    0.5204
    0.12    4.895    0.1333    0.6525
    0.20    7.000    0.0805    0.5634
    0.28   10.636    0.0610    0.6488
    0.35   17.000    0.0038    0.0641   [excluded, gap < 0.008]
    coefficient = 0.5963, spread 22.2% over 4 cells  -> CONSTANT, 1/sep scaling holds
    excluded 1 resolution-limited cells (reported)

=== P9: do the coefficients transfer? (§39.2 says NO, explicitly)
      T axis (§39.2): 0.6465
  rho axis (this run): 0.7465  (spread 72.1%, 11 cells)
  gamma axis (this run): 0.5963  (spread 22.2%, 4 cells)
  -> rho vs T: 1.15x.  Non-transfer is §39.2's published finding, not new evidence.

=== P10: verdict on the SCALING (not the coefficient)
     rho axis: scaling FAILS  (spread 72.1% vs §39.2's 12.3% on the T axis)
   gamma axis: scaling HOLDS  (spread 22.2% vs §39.2's 12.3% on the T axis)

(99s) wrote results/path_separation.json
