=== P1 GATE: roots exact, and the chain's drift equals the ODE field
  worst root error 1.332e-14
  Omega*|drift - field| spread across Omega = 1.811e-02  (0 would mean exactly first order)
  -> P1 HOLDS: roots exact, discreteness exactly O(1/Omega)

=== P2/P3: the affinity, and its floor as the landscape dies
    x0       m    A (engine)   A (formula)       diff
  1.00     0.5  2.3978952728  2.3978952728   0.00e+00
  1.00     0.9  3.5432450393  3.5432450393   4.44e-16
  2.50     0.5  2.2246235515  2.2246235515   4.44e-16
  0.70     0.3  2.3369865197  2.3369865197   4.44e-16
  1.00   1e-06  2.1972245773  2.1972245773   4.44e-16
  2.50   1e-06  2.1972245773  2.1972245773   0.00e+00
  0.40   1e-06  2.1972245773  2.1972245773   8.88e-16
  -> P2 HOLDS

  **Schloegl floor  = 2 ln 3 = 2.1972245773**
  **AM floor (§9.1) = 3 ln 2 = 2.0794415417**
  difference 5.66%   ratio 1.056642
  -> P3: the floor is NOT universal, but both are ln(small integer) and agree to 5.7%

=== P6 GUARD: is anything moved by the cap (a reflecting wall)?
  worst relative change from cap 3x -> 6x: 0.000e+00
  -> P6 HOLDS: the cap is not doing work

=== P4/P5: G and Q on the exact chain
  raw Sigma is NOT comparable to AM's (rule 11: AM closed, Schloegl chemostatted).
  Sig_ex is the REFUTED housekeeping subtraction, shown because it came out negative (rule 3).
  The comparable column is cyc/mol = Sigma/(Omega*A): driven cycles per molecule per decision.
     m    Om        A    mean_T      Sigma     Sig_ex   cyc/mol          Q
  0.30   200   2.2611    1.2201    1013.68      -85.1    2.2416     449.16
  0.30   400   2.2611    2.3395    3886.56     -336.2    4.2972    1714.24
  0.30   800   2.2611    4.3194   14293.13    -1316.2    7.9017    6244.28
  0.40   200   2.3168    2.0645    1676.31     -229.0    3.6178     709.22
  0.40   400   2.3168    3.6250    5830.38     -874.4    6.2915    2420.59
  0.40   800   2.3168    5.6999   17922.58    -3184.1    9.6700    7101.64
  0.50   200   2.3979    2.7747    2167.73     -483.3    4.5201     852.34
  0.50   400   2.3979    4.1088    6190.89    -1675.8    6.4545    2263.14
  0.50   800   2.3979    5.0589   14265.58    -5124.7    7.4365    4330.09
  0.60   200   2.5157    2.9525    2148.35     -812.0    4.2699     727.59
  0.60   400   2.5157    3.5311    4729.43    -2364.2    4.7000    1283.40
  0.60   800   2.5157    3.6447    8778.68    -5878.4    4.3620    1493.28
  0.70   200   2.6922    2.5665    1671.59    -1083.3    3.1045     417.69
  0.70   400   2.6922    2.6603    3074.80    -2645.6    2.8552     480.00
  0.70   800   2.6922    2.6196    5520.72    -5754.3    2.5633     388.35

  P4 FIRST ATTEMPT REFUTED: the housekeeping-subtracted excess is NEGATIVE in 5/5 cells (-5878..-1316). That definition is invalid, not small. §38's G has no counterpart here.

  P4 COMPARABLE: driven cycles per molecule per decision
    Schloegl  2.563..9.670 at Omega=800
    AM        0.342   (from published G~2.0 k_B/molecule/e-fold, 0.827 e-folds, A = -3 ln 0.2 = 4.828)
  -> P4  cycles/molecule: 7.4365 against AM's published 0.3424 -- 2071.7%, outside 25%. Does NOT transfer, as three prior failures predicted.
  CAVEAT, and it disqualifies this measure too: cycles/molecule at m=0.5 runs 4.520@W=200, 6.455@W=400, 7.437@W=800
  It GROWS with Omega, because Sigma is dominated by housekeeping ~ Omega*<T> and <T> itself grows. So it is not intensive and not a substrate-independent price either.
  -> **NO dissipation-based cost measure ported.** The chemostatted element's dissipation is dominated by a term proportional to the decision TIME, which a closed element has no analogue for.

  P5  Q (raw Sigma, so an UPPER bound and not comparable to AM's): 388.3..7101.6 against AM's published 5.475
  §40's floor Q >= 1: 0 cells below it
  -> P5 NOT DECIDED: Q inherits the same non-comparability as Sigma; reported, not compared.

(0s) wrote results/schlogl_rulers.json
