rails 0.1/1.9, Delta = 0.8999999999999999, stage time t = 2.0
eta from §78 (LNA, readout):  0.059537 nats/molecule

=== P1 GATE: is ln(MFPT) linear in Omega, so A converges?
  Omega       ln T   A = lnT/Om    local A
    400     11.219     0.028048         --
    800     21.588     0.026985   0.025923
   1600     42.397     0.026498   0.026011
   3200     84.055     0.026267   0.026036
   6400    167.395     0.026155   0.026044
  12800    334.091     0.026101   0.026046
  local A: 0.025923, 0.026011, 0.026036, 0.026044, 0.026046
  -> P1 HOLDS: A converges to 0.026046

=== P2/P3: which failure mode binds?
  Omega   ln eps_read   ln eps_esc   difference     binds
    400        -24.73       -10.53        14.20    ESCAPE
    800        -49.16       -20.90        28.27    ESCAPE
   1600        -97.22       -41.70        55.52    ESCAPE
   3200       -192.87       -83.36       109.50    ESCAPE
   6400       -383.75      -166.70       217.05    ESCAPE
  12800       -765.14      -333.40       431.74    ESCAPE

  eta (readout exponent) = 0.059537
  A   (escape  exponent) = 0.026046
  ratio eta/A = 2.286
  -> P2 ESCAPE DOMINATES: A < eta, so §75-§79 priced the subdominant failure
  P3: at Omega = 12800, escape is e^432 = 3.19e+187x more likely than misreading

=== P4: the crossover -- how short would a stage have to be?
  Omega    t* (readout binds below)
    400                   1.359e-06
    800                   1.059e-12
   1600                   1.547e-24
   3200                   5.550e-48
   6400                   1.094e-94
  12800                  6.273e-188
  -> the readout regime needs a stage time below e^(-(eta-A)Omega), which is
     exponentially small. **§75's own premise -- a chemically coupled cascade --
     selects the regime where §75-§79's eps is not the physical one.**

=== P5: what is NOT affected
  intrinsic sigma at Omega=1600: 0.06575;  §71/§72's external channel: 0.31500  (4.8x wider)
  ln eps_read with the EXTERNAL channel: -6.15  vs escape -41.70
  -> with an external channel the readout term is far larger and DOES bind, so
     §71/§72 are unaffected. The two regimes are physically different cascades.

wrote results/two_exponentials.json
