=== P1 GATE: does the reduced chain reproduce the dynamics it claims to reduce?
  worst |b(u*) - b*| = 5.55e-17   (the attractor is the same fixed point)
  worst |(lam_u - mu_u) - (1+g)u(b-b*)| over 36 points = 3.99e-17
  -> P1 HOLDS: the reduction is faithful; any deficit is the reduction, not a bug

=== P2/P3/P5: S1 (truncation) and S2 (diffusion approximation)
  gamma   measured  §84 trunc   ratio  exact mfld FP   ratio  exact mfld WKB   ratio
    0.3   0.125373   0.108199  0.8630       0.106405  0.8487        0.106728  0.8513
   0.35   0.071577   0.064577  0.9022       0.062348  0.8711        0.062428  0.8722
   0.38   0.046444   0.042929  0.9243       0.041275  0.8887        0.041303  0.8893
    0.4   0.032622   0.030612  0.9384       0.029435  0.9023        0.029447  0.9027
   0.42   0.021153   0.020138  0.9520       0.019412  0.9177        0.019416  0.9179
   0.44   0.012080   0.011657  0.9650       0.011292  0.9347        0.011293  0.9348
   0.45   0.008458   0.008215  0.9713       0.007985  0.9441        0.007986  0.9442
   0.46   0.005460   0.005338  0.9776       0.005210  0.9542        0.005210  0.9542
  residual ~ (gc-g)^p :  truncated 1.121,  exact manifold FP 0.750,  exact manifold WKB 0.741
  -> P2 (S1) REFUTED: the EXACT manifold is WORSE than §84s truncation -- truncation is not the deficit
  worst |WKB/FP - 1| on the same manifold = 0.30%
  -> P3 (S2) REFUTED: WKB and FP agree to well under the deficit. lam_u/mu_u stays near 1 across the barrier, so the cubic term is negligible -- the diffusion approximation is NOT the deficit
  A_trunc/A_exact-manifold: 1.0169, 1.0358, 1.0401, 1.0400, 1.0374, 1.0323, 1.0288, 1.0246
  -> P5 as predicted: NON-MONOTONE, so §84s closer agreement is a CANCELLATION of errors and not an improvement. Its nu = 2 is untouched; its numerical closeness is luck

=== P4: S3, the kill test. Speed up the fast variable and the elimination must fix
    (X+Y <-> 2B has Delta u = 0: it moves b, not the lead, and M cancels in the
     affinity, so this sharpens the timescale separation and changes nothing else)
  gamma    M       u*   A reduced  A measured   ratio   1-ratio
    0.4    1   0.5408    0.029435    0.032623  0.9023    0.0977
    0.4    2   0.5890    0.066842    0.071575  0.9339    0.0661
    0.4    4   0.6042    0.092741    0.096398  0.9621    0.0379
    0.4    8   0.6105    0.107957    0.110381  0.9780    0.0220
    0.4   16   0.6134    0.116197    0.117722  0.9870    0.0130
   0.44    1   0.4345    0.011292    0.012078  0.9349    0.0651
   0.44    2   0.5211    0.038869    0.041052  0.9468    0.0532
   0.44    4   0.5455    0.058967    0.060867  0.9688    0.0312
   0.44    8   0.5553    0.070904    0.072168  0.9825    0.0175
   0.44   16   0.5597    0.077394    0.078174  0.9900    0.0100
  cells excluded on the convergence gate: 0
  gamma=0.4: 1-ratio over M = 0.0977, 0.0661, 0.0379, 0.0220, 0.0130   (falls monotonically)
  gamma=0.44: 1-ratio over M = 0.0651, 0.0532, 0.0312, 0.0175, 0.0100   (falls monotonically)
  -> P4 HOLDS: the deficit is the ADIABATIC ELIMINATION. Sharpening the
     timescale separation removes it, and S1/S2 are excluded above.

wrote results/where_the_deficit_lives.json
